=== gpu-screen-recorder replay 2026-08-07 12:24:49 ===
gsr info: gsr_kms_client_init: setting up connection to /usr/bin/gsr-kms-server
gsr info: gsr_kms_client_init: waiting for server to connect
kms server info: connecting to the client
gsr info: gsr_kms_client_init: server connected
gsr info: replacing file-backed unix domain socket with socketpair
kms server info: connected to the client
gsr info: using socketpair
[h264_nvenc @ 0x55da62960d00] ignoring invalid SAR: 0/0
/home/hihity/Videos/Recordings//Replay_2026-08-07_12-25-04.mp4
/home/hihity/Videos/Recordings//Replay_2026-08-07_12-26-36.mp4
gsr error: gsr_capture_kms_capture: failed to bind image to texture, trying with external texture
gsr error: for_each_active_monitor_output_drm failed, failed to open "/dev/dri/card1", error: Permission denied
gsr error: gsr_capture_kms_update_connector_ids: failed to find monitor by name "DVI-D-1"
gsr error: for_each_active_monitor_output_drm failed, failed to open "/dev/dri/card1", error: Permission denied
gsr error: gsr_capture_kms_update_connector_ids: failed to find monitor by name "DVI-D-1"
gsr error: for_each_active_monitor_output_drm failed, failed to open "/dev/dri/card1", error: Permission denied
gsr error: gsr_capture_kms_update_connector_ids: failed to find monitor by name "DVI-D-1"
gsr error: pa_context_connect failed
gsr error: pa_context_connect failed
gsr error: pa_context_connect failed
gsr error: pa_context_connect failed
gsr error: pa_context_connect failed
gsr error: pa_context_connect failed
gsr error: pa_context_connect failed
gsr error: pa_context_connect failed
gsr error: pa_context_connect failed
